// Jest Snapshot v1, https://goo.gl/fbAQLP

exports[`UserProfile tests should match snapshot in edit mode 1`] = `
<div>
  <div
    class="MuiGrid-root MuiGrid-container MuiGrid-spacing-xs-3"
    cols="12"
  >
    <div
      class="MuiGrid-root MuiGrid-container MuiGrid-spacing-xs-1 MuiGrid-item MuiGrid-direction-xs-column MuiGrid-grid-xs-4"
    >
      <div
        class="MuiGrid-root makeStyles-section-3 MuiGrid-item"
      >
        <div
          class="MuiAvatar-root MuiAvatar-circle makeStyles-avatar-5"
        >
          <img
            alt="firstName"
            class="MuiAvatar-img"
            src="url"
          />
        </div>
        <form>
          <div
            class="MuiFormControl-root MuiTextField-root MuiFormControl-fullWidth"
          >
            <label
              class="MuiFormLabel-root MuiInputLabel-root MuiInputLabel-formControl MuiInputLabel-animated MuiInputLabel-shrink MuiFormLabel-filled"
              data-shrink="true"
              for="firstName"
              id="firstName-label"
            >
              First name
            </label>
            <div
              class="MuiInputBase-root MuiInput-root MuiInput-underline MuiInputBase-fullWidth MuiInput-fullWidth MuiInputBase-formControl MuiInput-formControl"
            >
              <input
                aria-invalid="false"
                class="MuiInputBase-input MuiInput-input"
                id="firstName"
                name="firstName"
                type="text"
                value="firstName"
              />
            </div>
          </div>
          <div
            class="MuiFormControl-root MuiTextField-root MuiFormControl-fullWidth"
          >
            <label
              class="MuiFormLabel-root MuiInputLabel-root MuiInputLabel-formControl MuiInputLabel-animated MuiInputLabel-shrink MuiFormLabel-filled"
              data-shrink="true"
              for="lastName"
              id="lastName-label"
            >
              Last name
            </label>
            <div
              class="MuiInputBase-root MuiInput-root MuiInput-underline MuiInputBase-fullWidth MuiInput-fullWidth MuiInputBase-formControl MuiInput-formControl"
            >
              <input
                aria-invalid="false"
                class="MuiInputBase-input MuiInput-input"
                id="lastName"
                name="lastName"
                type="text"
                value="lastName"
              />
            </div>
          </div>
          <div
            class="MuiFormControl-root MuiTextField-root MuiFormControl-fullWidth"
          >
            <label
              class="MuiFormLabel-root MuiInputLabel-root MuiInputLabel-formControl MuiInputLabel-animated MuiInputLabel-shrink MuiFormLabel-filled"
              data-shrink="true"
              for="about"
              id="about-label"
            >
              About
            </label>
            <div
              class="MuiInputBase-root MuiInput-root MuiInput-underline MuiInputBase-fullWidth MuiInput-fullWidth MuiInputBase-formControl MuiInput-formControl MuiInputBase-multiline MuiInput-multiline"
            >
              <textarea
                aria-invalid="false"
                class="MuiInputBase-input MuiInput-input MuiInputBase-inputMultiline MuiInput-inputMultiline"
                id="about"
                name="about"
                rows="1"
                style="height: 0px; overflow: hidden;"
              >
                about
              </textarea>
              <textarea
                aria-hidden="true"
                class="MuiInputBase-input MuiInput-input MuiInputBase-inputMultiline MuiInput-inputMultiline"
                readonly=""
                style="visibility: hidden; position: absolute; overflow: hidden; height: 0px; top: 0px; left: 0px; transform: translateZ(0); width: 100%;"
                tabindex="-1"
              />
            </div>
          </div>
          <div
            class="MuiFormControl-root MuiTextField-root MuiFormControl-fullWidth"
          >
            <label
              class="MuiFormLabel-root MuiInputLabel-root MuiInputLabel-formControl MuiInputLabel-animated MuiInputLabel-shrink MuiFormLabel-filled"
              data-shrink="true"
              for="photoUrl"
              id="photoUrl-label"
            >
              Photo URL
            </label>
            <div
              class="MuiInputBase-root MuiInput-root MuiInput-underline MuiInputBase-fullWidth MuiInput-fullWidth MuiInputBase-formControl MuiInput-formControl"
            >
              <input
                aria-invalid="false"
                class="MuiInputBase-input MuiInput-input"
                id="photoUrl"
                name="photoUrl"
                type="text"
                value="url"
              />
            </div>
          </div>
          <div
            class="MuiButtonGroup-root"
            role="group"
          >
            <button
              class="MuiButtonBase-root MuiButton-root MuiButton-outlined MuiButtonGroup-grouped MuiButtonGroup-groupedHorizontal MuiButtonGroup-groupedOutlined MuiButtonGroup-groupedOutlinedHorizontal MuiButtonGroup-groupedOutlined MuiButton-outlinedSizeSmall MuiButton-sizeSmall"
              tabindex="0"
              type="button"
            >
              <span
                class="MuiButton-label"
              >
                Save
              </span>
              <span
                class="MuiTouchRipple-root"
              />
            </button>
            <button
              class="MuiButtonBase-root MuiButton-root MuiButton-outlined MuiButtonGroup-grouped MuiButtonGroup-groupedHorizontal MuiButtonGroup-groupedOutlined MuiButtonGroup-groupedOutlinedHorizontal MuiButtonGroup-groupedOutlined MuiButton-outlinedSizeSmall MuiButton-sizeSmall"
              tabindex="0"
              type="button"
            >
              <span
                class="MuiButton-label"
              >
                Cancel
              </span>
              <span
                class="MuiTouchRipple-root"
              />
            </button>
          </div>
        </form>
      </div>
      <hr
        class="MuiDivider-root"
      />
      <div
        class="MuiGrid-root makeStyles-section-3 MuiGrid-item"
      >
        <h4
          class="MuiTypography-root makeStyles-subtitle-1 MuiTypography-h4"
        >
          contact info
        </h4>
        <div
          class="MuiCircularProgress-root makeStyles-progress-8 MuiCircularProgress-indeterminate"
          data-testid="info-loading"
          role="progressbar"
          style="width: 40px; height: 40px;"
        >
          <svg
            class="MuiCircularProgress-svg"
            viewBox="22 22 44 44"
          >
            <circle
              class="MuiCircularProgress-circle MuiCircularProgress-circleIndeterminate"
              cx="44"
              cy="44"
              fill="none"
              r="20.2"
              stroke-width="3.6"
            />
          </svg>
        </div>
        <form>
          <div
            class="MuiFormControl-root MuiTextField-root MuiFormControl-fullWidth"
          >
            <label
              class="MuiFormLabel-root MuiInputLabel-root MuiInputLabel-formControl MuiInputLabel-animated MuiInputLabel-shrink MuiFormLabel-filled"
              data-shrink="true"
              for="email"
              id="email-label"
            >
              Email
            </label>
            <div
              class="MuiInputBase-root MuiInput-root MuiInput-underline MuiInputBase-fullWidth MuiInput-fullWidth MuiInputBase-formControl MuiInput-formControl"
            >
              <input
                aria-invalid="false"
                class="MuiInputBase-input MuiInput-input"
                id="email"
                name="email"
                type="text"
                value="email"
              />
            </div>
          </div>
          <div
            class="MuiFormControl-root MuiTextField-root MuiFormControl-fullWidth"
          >
            <label
              class="MuiFormLabel-root MuiInputLabel-root MuiInputLabel-formControl MuiInputLabel-animated MuiInputLabel-shrink MuiFormLabel-filled"
              data-shrink="true"
              for="phone"
              id="phone-label"
            >
              Phone
            </label>
            <div
              class="MuiInputBase-root MuiInput-root MuiInput-underline MuiInputBase-fullWidth MuiInput-fullWidth MuiInputBase-formControl MuiInput-formControl"
            >
              <input
                aria-invalid="false"
                class="MuiInputBase-input MuiInput-input"
                id="phone"
                name="phone"
                type="text"
                value="+41234567890"
              />
            </div>
          </div>
          <div
            class="MuiFormControl-root MuiTextField-root MuiFormControl-fullWidth"
          >
            <label
              class="MuiFormLabel-root MuiInputLabel-root MuiInputLabel-formControl MuiInputLabel-animated MuiInputLabel-shrink MuiFormLabel-filled"
              data-shrink="true"
              for="city"
              id="city-label"
            >
              City
            </label>
            <div
              class="MuiInputBase-root MuiInput-root MuiInput-underline MuiInputBase-fullWidth MuiInput-fullWidth MuiInputBase-formControl MuiInput-formControl"
            >
              <input
                aria-invalid="false"
                class="MuiInputBase-input MuiInput-input"
                id="city"
                name="city"
                type="text"
                value="city"
              />
            </div>
          </div>
          <div
            class="MuiFormControl-root MuiTextField-root MuiFormControl-fullWidth"
          >
            <label
              class="MuiFormLabel-root MuiInputLabel-root MuiInputLabel-formControl MuiInputLabel-animated MuiInputLabel-shrink MuiFormLabel-filled"
              data-shrink="true"
              for="website"
              id="website-label"
            >
              Website
            </label>
            <div
              class="MuiInputBase-root MuiInput-root MuiInput-underline MuiInputBase-fullWidth MuiInput-fullWidth MuiInputBase-formControl MuiInput-formControl"
            >
              <input
                aria-invalid="false"
                class="MuiInputBase-input MuiInput-input"
                id="website"
                name="website"
                type="text"
                value="website"
              />
            </div>
          </div>
          <div
            class="MuiButtonGroup-root"
            role="group"
          >
            <button
              class="MuiButtonBase-root MuiButton-root MuiButton-outlined MuiButtonGroup-grouped MuiButtonGroup-groupedHorizontal MuiButtonGroup-groupedOutlined MuiButtonGroup-groupedOutlinedHorizontal MuiButtonGroup-groupedOutlined MuiButton-outlinedSizeSmall MuiButton-sizeSmall"
              tabindex="0"
              type="button"
            >
              <span
                class="MuiButton-label"
              >
                Save
              </span>
              <span
                class="MuiTouchRipple-root"
              />
            </button>
            <button
              class="MuiButtonBase-root MuiButton-root MuiButton-outlined MuiButtonGroup-grouped MuiButtonGroup-groupedHorizontal MuiButtonGroup-groupedOutlined MuiButtonGroup-groupedOutlinedHorizontal MuiButtonGroup-groupedOutlined MuiButton-outlinedSizeSmall MuiButton-sizeSmall"
              tabindex="0"
              type="button"
            >
              <span
                class="MuiButton-label"
              >
                Cancel
              </span>
              <span
                class="MuiTouchRipple-root"
              />
            </button>
          </div>
        </form>
      </div>
      <hr
        class="MuiDivider-root"
      />
      <div
        class="MuiGrid-root makeStyles-section-3 MuiGrid-item"
      >
        <h4
          class="MuiTypography-root makeStyles-subtitle-1 MuiTypography-h4"
        >
          skills
        </h4>
        <div
          class="MuiCircularProgress-root makeStyles-progress-8 MuiCircularProgress-indeterminate"
          data-testid="info-loading"
          role="progressbar"
          style="width: 40px; height: 40px;"
        >
          <svg
            class="MuiCircularProgress-svg"
            viewBox="22 22 44 44"
          >
            <circle
              class="MuiCircularProgress-circle MuiCircularProgress-circleIndeterminate"
              cx="44"
              cy="44"
              fill="none"
              r="20.2"
              stroke-width="3.6"
            />
          </svg>
        </div>
        <div>
          <li
            class="MuiTypography-root MuiTypography-body1"
          >
            HTML
            <svg
              aria-hidden="true"
              class="MuiSvgIcon-root makeStyles-icon-2 MuiSvgIcon-fontSizeSmall"
              data-testid="skill-delete-icon"
              focusable="false"
              viewBox="0 0 24 24"
            >
              <path
                d="M6 19c0 1.1.9 2 2 2h8c1.1 0 2-.9 2-2V7H6v12zM19 4h-3.5l-1-1h-5l-1 1H5v2h14V4z"
              />
            </svg>
          </li>
          <span
            class="MuiSlider-root MuiSlider-colorPrimary"
            data-testid="skill-rating"
          >
            <span
              class="MuiSlider-rail"
            />
            <span
              class="MuiSlider-track"
              style="left: 0%; width: 100%;"
            />
            <input
              type="hidden"
              value="5"
            />
            <span
              class="MuiSlider-mark MuiSlider-markActive"
              data-index="0"
              style="left: 0%;"
            />
            <span
              class="MuiSlider-mark MuiSlider-markActive"
              data-index="1"
              style="left: 25%;"
            />
            <span
              class="MuiSlider-mark MuiSlider-markActive"
              data-index="2"
              style="left: 50%;"
            />
            <span
              class="MuiSlider-mark MuiSlider-markActive"
              data-index="3"
              style="left: 75%;"
            />
            <span
              class="MuiSlider-mark MuiSlider-markActive"
              data-index="4"
              style="left: 100%;"
            />
            <span
              aria-orientation="horizontal"
              aria-valuemax="5"
              aria-valuemin="1"
              aria-valuenow="5"
              class="MuiSlider-thumb MuiSlider-thumbColorPrimary PrivateValueLabel-thumb-9"
              data-index="0"
              role="slider"
              style="left: 100%;"
              tabindex="0"
            >
              <span
                class="PrivateValueLabel-offset-11 MuiSlider-valueLabel"
              >
                <span
                  class="PrivateValueLabel-circle-12"
                >
                  <span
                    class="PrivateValueLabel-label-13"
                  >
                    5
                  </span>
                </span>
              </span>
            </span>
          </span>
        </div>
        <div>
          <li
            class="MuiTypography-root MuiTypography-body1"
          >
            CSS
            <svg
              aria-hidden="true"
              class="MuiSvgIcon-root makeStyles-icon-2 MuiSvgIcon-fontSizeSmall"
              data-testid="skill-delete-icon"
              focusable="false"
              viewBox="0 0 24 24"
            >
              <path
                d="M6 19c0 1.1.9 2 2 2h8c1.1 0 2-.9 2-2V7H6v12zM19 4h-3.5l-1-1h-5l-1 1H5v2h14V4z"
              />
            </svg>
          </li>
          <span
            class="MuiSlider-root MuiSlider-colorPrimary"
            data-testid="skill-rating"
          >
            <span
              class="MuiSlider-rail"
            />
            <span
              class="MuiSlider-track"
              style="left: 0%; width: 100%;"
            />
            <input
              type="hidden"
              value="5"
            />
            <span
              class="MuiSlider-mark MuiSlider-markActive"
              data-index="0"
              style="left: 0%;"
            />
            <span
              class="MuiSlider-mark MuiSlider-markActive"
              data-index="1"
              style="left: 25%;"
            />
            <span
              class="MuiSlider-mark MuiSlider-markActive"
              data-index="2"
              style="left: 50%;"
            />
            <span
              class="MuiSlider-mark MuiSlider-markActive"
              data-index="3"
              style="left: 75%;"
            />
            <span
              class="MuiSlider-mark MuiSlider-markActive"
              data-index="4"
              style="left: 100%;"
            />
            <span
              aria-orientation="horizontal"
              aria-valuemax="5"
              aria-valuemin="1"
              aria-valuenow="5"
              class="MuiSlider-thumb MuiSlider-thumbColorPrimary PrivateValueLabel-thumb-9"
              data-index="0"
              role="slider"
              style="left: 100%;"
              tabindex="0"
            >
              <span
                class="PrivateValueLabel-offset-11 MuiSlider-valueLabel"
              >
                <span
                  class="PrivateValueLabel-circle-12"
                >
                  <span
                    class="PrivateValueLabel-label-13"
                  >
                    5
                  </span>
                </span>
              </span>
            </span>
          </span>
        </div>
        <form>
          <label
            class="MuiFormLabel-root MuiInputLabel-root MuiInputLabel-animated"
            id="skill"
          >
            Add a new skill
            <div
              class=" css-2b097c-container"
            >
              <span
                aria-atomic="false"
                aria-live="polite"
                aria-relevant="additions text"
                class="css-1f43avz-a11yText-A11yText"
              />
              <div
                class=" css-yk16xz-control"
              >
                <div
                  class=" css-g1d714-ValueContainer"
                >
                  <div
                    class=" css-1wa3eu0-placeholder"
                  >
                    Select...
                  </div>
                  <div
                    class="css-b8ldur-Input"
                  >
                    <div
                      class=""
                      style="display: inline-block;"
                    >
                      <input
                        aria-autocomplete="list"
                        aria-labelledby="skill"
                        autocapitalize="none"
                        autocomplete="off"
                        autocorrect="off"
                        id="react-select-2-input"
                        spellcheck="false"
                        style="box-sizing: content-box; width: 2px; border: 0px; opacity: 1; outline: 0; padding: 0px;"
                        tabindex="0"
                        type="text"
                        value=""
                      />
                      <div
                        style="position: absolute; top: 0px; left: 0px; visibility: hidden; height: 0px; overflow: scroll; white-space: pre; font-family: -webkit-small-control; letter-spacing: normal; text-transform: none;"
                      />
                    </div>
                  </div>
                </div>
                <div
                  class=" css-1hb7zxy-IndicatorsContainer"
                >
                  <span
                    class=" css-1okebmr-indicatorSeparator"
                  />
                  <div
                    aria-hidden="true"
                    class=" css-tlfecz-indicatorContainer"
                  >
                    <svg
                      aria-hidden="true"
                      class="css-tj5bde-Svg"
                      focusable="false"
                      height="20"
                      viewBox="0 0 20 20"
                      width="20"
                    >
                      <path
                        d="M4.516 7.548c0.436-0.446 1.043-0.481 1.576 0l3.908 3.747 3.908-3.747c0.533-0.481 1.141-0.446 1.574 0 0.436 0.445 0.408 1.197 0 1.615-0.406 0.418-4.695 4.502-4.695 4.502-0.217 0.223-0.502 0.335-0.787 0.335s-0.57-0.112-0.789-0.335c0 0-4.287-4.084-4.695-4.502s-0.436-1.17 0-1.615z"
                      />
                    </svg>
                  </div>
                </div>
              </div>
              <input
                name="skill"
                type="hidden"
                value=""
              />
            </div>
          </label>
          <span
            class="MuiSlider-root MuiSlider-colorPrimary"
            data-testid="newskill-rating"
          >
            <span
              class="MuiSlider-rail"
            />
            <span
              class="MuiSlider-track"
              style="left: 0%; width: 0%;"
            />
            <input
              type="hidden"
              value="1"
            />
            <span
              class="MuiSlider-mark MuiSlider-markActive"
              data-index="0"
              style="left: 0%;"
            />
            <span
              class="MuiSlider-mark"
              data-index="1"
              style="left: 25%;"
            />
            <span
              class="MuiSlider-mark"
              data-index="2"
              style="left: 50%;"
            />
            <span
              class="MuiSlider-mark"
              data-index="3"
              style="left: 75%;"
            />
            <span
              class="MuiSlider-mark"
              data-index="4"
              style="left: 100%;"
            />
            <span
              aria-orientation="horizontal"
              aria-valuemax="5"
              aria-valuemin="1"
              aria-valuenow="1"
              class="MuiSlider-thumb MuiSlider-thumbColorPrimary PrivateValueLabel-thumb-9"
              data-index="0"
              role="slider"
              style="left: 0%;"
              tabindex="0"
            >
              <span
                class="PrivateValueLabel-offset-11 MuiSlider-valueLabel"
              >
                <span
                  class="PrivateValueLabel-circle-12"
                >
                  <span
                    class="PrivateValueLabel-label-13"
                  >
                    1
                  </span>
                </span>
              </span>
            </span>
          </span>
          <button
            class="MuiButtonBase-root MuiButton-root MuiButton-text"
            tabindex="0"
            type="button"
          >
            <span
              class="MuiButton-label"
            >
              add skill
            </span>
            <span
              class="MuiTouchRipple-root"
            />
          </button>
        </form>
        <button
          class="MuiButtonBase-root MuiButton-root MuiButton-outlined"
          tabindex="0"
          type="button"
        >
          <span
            class="MuiButton-label"
          >
            cancel
          </span>
          <span
            class="MuiTouchRipple-root"
          />
        </button>
      </div>
    </div>
    <hr
      class="MuiDivider-root MuiDivider-flexItem MuiDivider-vertical"
    />
    <div
      class="MuiGrid-root MuiGrid-container MuiGrid-spacing-xs-1 MuiGrid-item MuiGrid-direction-xs-column MuiGrid-grid-xs-8"
    >
      <div
        class="MuiGrid-root makeStyles-section-3 MuiGrid-item"
      >
        <h4
          class="MuiTypography-root makeStyles-subtitle-1 MuiTypography-h4"
        >
          educations
        </h4>
        <div
          class="MuiPaper-root makeStyles-subsection-4 MuiPaper-elevation1 MuiPaper-rounded"
        >
          <form>
            <div
              class="MuiFormControl-root MuiTextField-root MuiFormControl-fullWidth"
            >
              <label
                class="MuiFormLabel-root MuiInputLabel-root MuiInputLabel-formControl MuiInputLabel-animated MuiInputLabel-shrink MuiFormLabel-filled"
                data-shrink="true"
                for="institution"
                id="institution-label"
              >
                Institution
              </label>
              <div
                class="MuiInputBase-root MuiInput-root MuiInput-underline MuiInputBase-fullWidth MuiInput-fullWidth MuiInputBase-formControl MuiInput-formControl"
              >
                <input
                  aria-invalid="false"
                  class="MuiInputBase-input MuiInput-input"
                  id="institution"
                  name="institution"
                  type="text"
                  value="institution"
                />
              </div>
            </div>
            <div
              class="MuiFormControl-root MuiTextField-root MuiFormControl-fullWidth"
            >
              <label
                class="MuiFormLabel-root MuiInputLabel-root MuiInputLabel-formControl MuiInputLabel-animated MuiInputLabel-shrink MuiFormLabel-filled"
                data-shrink="true"
                for="description"
                id="description-label"
              >
                Description
              </label>
              <div
                class="MuiInputBase-root MuiInput-root MuiInput-underline MuiInputBase-fullWidth MuiInput-fullWidth MuiInputBase-formControl MuiInput-formControl MuiInputBase-multiline MuiInput-multiline"
              >
                <textarea
                  aria-invalid="false"
                  class="MuiInputBase-input MuiInput-input MuiInputBase-inputMultiline MuiInput-inputMultiline"
                  id="description"
                  name="description"
                  rows="1"
                  style="height: 0px; overflow: hidden;"
                >
                  description
                </textarea>
                <textarea
                  aria-hidden="true"
                  class="MuiInputBase-input MuiInput-input MuiInputBase-inputMultiline MuiInput-inputMultiline"
                  readonly=""
                  style="visibility: hidden; position: absolute; overflow: hidden; height: 0px; top: 0px; left: 0px; transform: translateZ(0); width: 100%;"
                  tabindex="-1"
                />
              </div>
            </div>
            <div
              class="MuiFormControl-root MuiTextField-root MuiFormControl-fullWidth"
            >
              <label
                class="MuiFormLabel-root MuiInputLabel-root MuiInputLabel-formControl MuiInputLabel-animated MuiInputLabel-shrink MuiFormLabel-filled"
                data-shrink="true"
                for="startDate"
                id="startDate-label"
              >
                Start date
              </label>
              <div
                class="MuiInputBase-root MuiInput-root MuiInput-underline MuiInputBase-fullWidth MuiInput-fullWidth MuiInputBase-formControl MuiInput-formControl"
              >
                <input
                  aria-invalid="false"
                  class="MuiInputBase-input MuiInput-input"
                  id="startDate"
                  name="startDate"
                  type="date"
                  value="2018-09-30"
                />
              </div>
            </div>
            <div
              class="MuiFormControl-root MuiTextField-root MuiFormControl-fullWidth"
            >
              <label
                class="MuiFormLabel-root MuiInputLabel-root MuiInputLabel-formControl MuiInputLabel-animated MuiInputLabel-shrink MuiFormLabel-filled"
                data-shrink="true"
                for="endDate"
                id="endDate-label"
              >
                End date
              </label>
              <div
                class="MuiInputBase-root MuiInput-root MuiInput-underline MuiInputBase-fullWidth MuiInput-fullWidth MuiInputBase-formControl MuiInput-formControl"
              >
                <input
                  aria-invalid="false"
                  class="MuiInputBase-input MuiInput-input"
                  id="endDate"
                  name="endDate"
                  type="date"
                  value="2021-04-01"
                />
              </div>
            </div>
            <button
              class="MuiButtonBase-root MuiButton-root MuiButton-text Mui-disabled Mui-disabled"
              disabled=""
              tabindex="-1"
              type="button"
            >
              <span
                class="MuiButton-label"
              >
                <svg
                  aria-hidden="true"
                  class="MuiSvgIcon-root"
                  focusable="false"
                  viewBox="0 0 24 24"
                >
                  <path
                    d="M9 16.17L4.83 12l-1.42 1.41L9 19 21 7l-1.41-1.41z"
                  />
                </svg>
                save
              </span>
            </button>
            <button
              class="MuiButtonBase-root MuiButton-root MuiButton-text"
              tabindex="0"
              type="button"
            >
              <span
                class="MuiButton-label"
              >
                <svg
                  aria-hidden="true"
                  class="MuiSvgIcon-root"
                  focusable="false"
                  viewBox="0 0 24 24"
                >
                  <path
                    d="M6 19c0 1.1.9 2 2 2h8c1.1 0 2-.9 2-2V7H6v12zM19 4h-3.5l-1-1h-5l-1 1H5v2h14V4z"
                  />
                </svg>
                delete
              </span>
              <span
                class="MuiTouchRipple-root"
              />
            </button>
          </form>
        </div>
        <div
          class="MuiPaper-root makeStyles-subsection-4 MuiPaper-elevation1 MuiPaper-rounded"
        >
          <form>
            <div
              class="MuiFormControl-root MuiTextField-root MuiFormControl-fullWidth"
            >
              <label
                class="MuiFormLabel-root MuiInputLabel-root MuiInputLabel-formControl MuiInputLabel-animated MuiInputLabel-shrink MuiFormLabel-filled"
                data-shrink="true"
                for="institution"
                id="institution-label"
              >
                Institution
              </label>
              <div
                class="MuiInputBase-root MuiInput-root MuiInput-underline MuiInputBase-fullWidth MuiInput-fullWidth MuiInputBase-formControl MuiInput-formControl"
              >
                <input
                  aria-invalid="false"
                  class="MuiInputBase-input MuiInput-input"
                  id="institution"
                  name="institution"
                  type="text"
                  value="institution2"
                />
              </div>
            </div>
            <div
              class="MuiFormControl-root MuiTextField-root MuiFormControl-fullWidth"
            >
              <label
                class="MuiFormLabel-root MuiInputLabel-root MuiInputLabel-formControl MuiInputLabel-animated MuiInputLabel-shrink MuiFormLabel-filled"
                data-shrink="true"
                for="description"
                id="description-label"
              >
                Description
              </label>
              <div
                class="MuiInputBase-root MuiInput-root MuiInput-underline MuiInputBase-fullWidth MuiInput-fullWidth MuiInputBase-formControl MuiInput-formControl MuiInputBase-multiline MuiInput-multiline"
              >
                <textarea
                  aria-invalid="false"
                  class="MuiInputBase-input MuiInput-input MuiInputBase-inputMultiline MuiInput-inputMultiline"
                  id="description"
                  name="description"
                  rows="1"
                  style="height: 0px; overflow: hidden;"
                >
                  description2
                </textarea>
                <textarea
                  aria-hidden="true"
                  class="MuiInputBase-input MuiInput-input MuiInputBase-inputMultiline MuiInput-inputMultiline"
                  readonly=""
                  style="visibility: hidden; position: absolute; overflow: hidden; height: 0px; top: 0px; left: 0px; transform: translateZ(0); width: 100%;"
                  tabindex="-1"
                />
              </div>
            </div>
            <div
              class="MuiFormControl-root MuiTextField-root MuiFormControl-fullWidth"
            >
              <label
                class="MuiFormLabel-root MuiInputLabel-root MuiInputLabel-formControl MuiInputLabel-animated MuiInputLabel-shrink MuiFormLabel-filled"
                data-shrink="true"
                for="startDate"
                id="startDate-label"
              >
                Start date
              </label>
              <div
                class="MuiInputBase-root MuiInput-root MuiInput-underline MuiInputBase-fullWidth MuiInput-fullWidth MuiInputBase-formControl MuiInput-formControl"
              >
                <input
                  aria-invalid="false"
                  class="MuiInputBase-input MuiInput-input"
                  id="startDate"
                  name="startDate"
                  type="date"
                  value="2018-09-30"
                />
              </div>
            </div>
            <div
              class="MuiFormControl-root MuiTextField-root MuiFormControl-fullWidth"
            >
              <label
                class="MuiFormLabel-root MuiInputLabel-root MuiInputLabel-formControl MuiInputLabel-animated MuiInputLabel-shrink MuiFormLabel-filled"
                data-shrink="true"
                for="endDate"
                id="endDate-label"
              >
                End date
              </label>
              <div
                class="MuiInputBase-root MuiInput-root MuiInput-underline MuiInputBase-fullWidth MuiInput-fullWidth MuiInputBase-formControl MuiInput-formControl"
              >
                <input
                  aria-invalid="false"
                  class="MuiInputBase-input MuiInput-input"
                  id="endDate"
                  name="endDate"
                  type="date"
                  value="2021-04-01"
                />
              </div>
            </div>
            <button
              class="MuiButtonBase-root MuiButton-root MuiButton-text Mui-disabled Mui-disabled"
              disabled=""
              tabindex="-1"
              type="button"
            >
              <span
                class="MuiButton-label"
              >
                <svg
                  aria-hidden="true"
                  class="MuiSvgIcon-root"
                  focusable="false"
                  viewBox="0 0 24 24"
                >
                  <path
                    d="M9 16.17L4.83 12l-1.42 1.41L9 19 21 7l-1.41-1.41z"
                  />
                </svg>
                save
              </span>
            </button>
            <button
              class="MuiButtonBase-root MuiButton-root MuiButton-text"
              tabindex="0"
              type="button"
            >
              <span
                class="MuiButton-label"
              >
                <svg
                  aria-hidden="true"
                  class="MuiSvgIcon-root"
                  focusable="false"
                  viewBox="0 0 24 24"
                >
                  <path
                    d="M6 19c0 1.1.9 2 2 2h8c1.1 0 2-.9 2-2V7H6v12zM19 4h-3.5l-1-1h-5l-1 1H5v2h14V4z"
                  />
                </svg>
                delete
              </span>
              <span
                class="MuiTouchRipple-root"
              />
            </button>
          </form>
        </div>
        <div
          class="MuiPaper-root makeStyles-subsection-4 MuiPaper-elevation1 MuiPaper-rounded"
        >
          <form>
            <div
              class="MuiFormControl-root MuiTextField-root MuiFormControl-fullWidth"
            >
              <label
                class="MuiFormLabel-root MuiInputLabel-root MuiInputLabel-formControl MuiInputLabel-animated"
                data-shrink="false"
                for="institution"
                id="institution-label"
              >
                Institution
              </label>
              <div
                class="MuiInputBase-root MuiInput-root MuiInput-underline MuiInputBase-fullWidth MuiInput-fullWidth MuiInputBase-formControl MuiInput-formControl"
              >
                <input
                  aria-invalid="false"
                  class="MuiInputBase-input MuiInput-input"
                  id="institution"
                  name="institution"
                  type="text"
                  value=""
                />
              </div>
            </div>
            <div
              class="MuiFormControl-root MuiTextField-root MuiFormControl-fullWidth"
            >
              <label
                class="MuiFormLabel-root MuiInputLabel-root MuiInputLabel-formControl MuiInputLabel-animated"
                data-shrink="false"
                for="description"
                id="description-label"
              >
                Description
              </label>
              <div
                class="MuiInputBase-root MuiInput-root MuiInput-underline MuiInputBase-fullWidth MuiInput-fullWidth MuiInputBase-formControl MuiInput-formControl MuiInputBase-multiline MuiInput-multiline"
              >
                <textarea
                  aria-invalid="false"
                  class="MuiInputBase-input MuiInput-input MuiInputBase-inputMultiline MuiInput-inputMultiline"
                  id="description"
                  name="description"
                  rows="1"
                  style="height: 0px; overflow: hidden;"
                />
                <textarea
                  aria-hidden="true"
                  class="MuiInputBase-input MuiInput-input MuiInputBase-inputMultiline MuiInput-inputMultiline"
                  readonly=""
                  style="visibility: hidden; position: absolute; overflow: hidden; height: 0px; top: 0px; left: 0px; transform: translateZ(0); width: 100%;"
                  tabindex="-1"
                />
              </div>
            </div>
            <div
              class="MuiFormControl-root MuiTextField-root MuiFormControl-fullWidth"
            >
              <label
                class="MuiFormLabel-root MuiInputLabel-root MuiInputLabel-formControl MuiInputLabel-animated MuiInputLabel-shrink"
                data-shrink="true"
                for="startDate"
                id="startDate-label"
              >
                Start date
              </label>
              <div
                class="MuiInputBase-root MuiInput-root MuiInput-underline MuiInputBase-fullWidth MuiInput-fullWidth MuiInputBase-formControl MuiInput-formControl"
              >
                <input
                  aria-invalid="false"
                  class="MuiInputBase-input MuiInput-input"
                  id="startDate"
                  name="startDate"
                  type="date"
                  value=""
                />
              </div>
            </div>
            <div
              class="MuiFormControl-root MuiTextField-root MuiFormControl-fullWidth"
            >
              <label
                class="MuiFormLabel-root MuiInputLabel-root MuiInputLabel-formControl MuiInputLabel-animated MuiInputLabel-shrink"
                data-shrink="true"
                for="endDate"
                id="endDate-label"
              >
                End date
              </label>
              <div
                class="MuiInputBase-root MuiInput-root MuiInput-underline MuiInputBase-fullWidth MuiInput-fullWidth MuiInputBase-formControl MuiInput-formControl"
              >
                <input
                  aria-invalid="false"
                  class="MuiInputBase-input MuiInput-input"
                  id="endDate"
                  name="endDate"
                  type="date"
                  value=""
                />
              </div>
            </div>
            <button
              class="MuiButtonBase-root MuiButton-root MuiButton-text Mui-disabled Mui-disabled"
              disabled=""
              tabindex="-1"
              type="button"
            >
              <span
                class="MuiButton-label"
              >
                Add education
              </span>
            </button>
          </form>
        </div>
        <button
          class="MuiButtonBase-root MuiButton-root MuiButton-outlined"
          tabindex="0"
          type="button"
        >
          <span
            class="MuiButton-label"
          >
            cancel
          </span>
          <span
            class="MuiTouchRipple-root"
          />
        </button>
      </div>
      <hr
        class="MuiDivider-root"
      />
      <div
        class="MuiGrid-root makeStyles-section-3 MuiGrid-item"
      >
        <h4
          class="MuiTypography-root makeStyles-subtitle-1 MuiTypography-h4"
        >
          work experiences
        </h4>
        <div
          class="MuiPaper-root makeStyles-subsection-4 MuiPaper-elevation1 MuiPaper-rounded"
        >
          <form>
            <div
              class="MuiFormControl-root MuiTextField-root MuiFormControl-fullWidth"
            >
              <label
                class="MuiFormLabel-root MuiInputLabel-root MuiInputLabel-formControl MuiInputLabel-animated MuiInputLabel-shrink MuiFormLabel-filled"
                data-shrink="true"
                for="institution"
                id="institution-label"
              >
                Institution
              </label>
              <div
                class="MuiInputBase-root MuiInput-root MuiInput-underline MuiInputBase-fullWidth MuiInput-fullWidth MuiInputBase-formControl MuiInput-formControl"
              >
                <input
                  aria-invalid="false"
                  class="MuiInputBase-input MuiInput-input"
                  id="institution"
                  name="institution"
                  type="text"
                  value="institution"
                />
              </div>
            </div>
            <div
              class="MuiFormControl-root MuiTextField-root MuiFormControl-fullWidth"
            >
              <label
                class="MuiFormLabel-root MuiInputLabel-root MuiInputLabel-formControl MuiInputLabel-animated MuiInputLabel-shrink MuiFormLabel-filled"
                data-shrink="true"
                for="description"
                id="description-label"
              >
                Description
              </label>
              <div
                class="MuiInputBase-root MuiInput-root MuiInput-underline MuiInputBase-fullWidth MuiInput-fullWidth MuiInputBase-formControl MuiInput-formControl MuiInputBase-multiline MuiInput-multiline"
              >
                <textarea
                  aria-invalid="false"
                  class="MuiInputBase-input MuiInput-input MuiInputBase-inputMultiline MuiInput-inputMultiline"
                  id="description"
                  name="description"
                  rows="1"
                  style="height: 0px; overflow: hidden;"
                >
                  description
                </textarea>
                <textarea
                  aria-hidden="true"
                  class="MuiInputBase-input MuiInput-input MuiInputBase-inputMultiline MuiInput-inputMultiline"
                  readonly=""
                  style="visibility: hidden; position: absolute; overflow: hidden; height: 0px; top: 0px; left: 0px; transform: translateZ(0); width: 100%;"
                  tabindex="-1"
                />
              </div>
            </div>
            <div
              class="MuiFormControl-root MuiTextField-root MuiFormControl-fullWidth"
            >
              <label
                class="MuiFormLabel-root MuiInputLabel-root MuiInputLabel-formControl MuiInputLabel-animated MuiInputLabel-shrink MuiFormLabel-filled"
                data-shrink="true"
                for="startDate"
                id="startDate-label"
              >
                Start date
              </label>
              <div
                class="MuiInputBase-root MuiInput-root MuiInput-underline MuiInputBase-fullWidth MuiInput-fullWidth MuiInputBase-formControl MuiInput-formControl"
              >
                <input
                  aria-invalid="false"
                  class="MuiInputBase-input MuiInput-input"
                  id="startDate"
                  name="startDate"
                  type="date"
                  value="2021-03-31"
                />
              </div>
            </div>
            <div
              class="MuiFormControl-root MuiTextField-root MuiFormControl-fullWidth"
            >
              <label
                class="MuiFormLabel-root MuiInputLabel-root MuiInputLabel-formControl MuiInputLabel-animated MuiInputLabel-shrink MuiFormLabel-filled"
                data-shrink="true"
                for="endDate"
                id="endDate-label"
              >
                End date
              </label>
              <div
                class="MuiInputBase-root MuiInput-root MuiInput-underline MuiInputBase-fullWidth MuiInput-fullWidth MuiInputBase-formControl MuiInput-formControl"
              >
                <input
                  aria-invalid="false"
                  class="MuiInputBase-input MuiInput-input"
                  id="endDate"
                  name="endDate"
                  type="date"
                  value="2021-04-01"
                />
              </div>
            </div>
            <button
              class="MuiButtonBase-root MuiButton-root MuiButton-text Mui-disabled Mui-disabled"
              disabled=""
              tabindex="-1"
              type="button"
            >
              <span
                class="MuiButton-label"
              >
                <svg
                  aria-hidden="true"
                  class="MuiSvgIcon-root"
                  focusable="false"
                  viewBox="0 0 24 24"
                >
                  <path
                    d="M9 16.17L4.83 12l-1.42 1.41L9 19 21 7l-1.41-1.41z"
                  />
                </svg>
                save
              </span>
            </button>
            <button
              class="MuiButtonBase-root MuiButton-root MuiButton-text"
              tabindex="0"
              type="button"
            >
              <span
                class="MuiButton-label"
              >
                <svg
                  aria-hidden="true"
                  class="MuiSvgIcon-root"
                  focusable="false"
                  viewBox="0 0 24 24"
                >
                  <path
                    d="M6 19c0 1.1.9 2 2 2h8c1.1 0 2-.9 2-2V7H6v12zM19 4h-3.5l-1-1h-5l-1 1H5v2h14V4z"
                  />
                </svg>
                delete
              </span>
              <span
                class="MuiTouchRipple-root"
              />
            </button>
          </form>
        </div>
        <div
          class="MuiPaper-root makeStyles-subsection-4 MuiPaper-elevation1 MuiPaper-rounded"
        >
          <form>
            <div
              class="MuiFormControl-root MuiTextField-root MuiFormControl-fullWidth"
            >
              <label
                class="MuiFormLabel-root MuiInputLabel-root MuiInputLabel-formControl MuiInputLabel-animated MuiInputLabel-shrink MuiFormLabel-filled"
                data-shrink="true"
                for="institution"
                id="institution-label"
              >
                Institution
              </label>
              <div
                class="MuiInputBase-root MuiInput-root MuiInput-underline MuiInputBase-fullWidth MuiInput-fullWidth MuiInputBase-formControl MuiInput-formControl"
              >
                <input
                  aria-invalid="false"
                  class="MuiInputBase-input MuiInput-input"
                  id="institution"
                  name="institution"
                  type="text"
                  value="institution2"
                />
              </div>
            </div>
            <div
              class="MuiFormControl-root MuiTextField-root MuiFormControl-fullWidth"
            >
              <label
                class="MuiFormLabel-root MuiInputLabel-root MuiInputLabel-formControl MuiInputLabel-animated MuiInputLabel-shrink MuiFormLabel-filled"
                data-shrink="true"
                for="description"
                id="description-label"
              >
                Description
              </label>
              <div
                class="MuiInputBase-root MuiInput-root MuiInput-underline MuiInputBase-fullWidth MuiInput-fullWidth MuiInputBase-formControl MuiInput-formControl MuiInputBase-multiline MuiInput-multiline"
              >
                <textarea
                  aria-invalid="false"
                  class="MuiInputBase-input MuiInput-input MuiInputBase-inputMultiline MuiInput-inputMultiline"
                  id="description"
                  name="description"
                  rows="1"
                  style="height: 0px; overflow: hidden;"
                >
                  description2
                </textarea>
                <textarea
                  aria-hidden="true"
                  class="MuiInputBase-input MuiInput-input MuiInputBase-inputMultiline MuiInput-inputMultiline"
                  readonly=""
                  style="visibility: hidden; position: absolute; overflow: hidden; height: 0px; top: 0px; left: 0px; transform: translateZ(0); width: 100%;"
                  tabindex="-1"
                />
              </div>
            </div>
            <div
              class="MuiFormControl-root MuiTextField-root MuiFormControl-fullWidth"
            >
              <label
                class="MuiFormLabel-root MuiInputLabel-root MuiInputLabel-formControl MuiInputLabel-animated MuiInputLabel-shrink MuiFormLabel-filled"
                data-shrink="true"
                for="startDate"
                id="startDate-label"
              >
                Start date
              </label>
              <div
                class="MuiInputBase-root MuiInput-root MuiInput-underline MuiInputBase-fullWidth MuiInput-fullWidth MuiInputBase-formControl MuiInput-formControl"
              >
                <input
                  aria-invalid="false"
                  class="MuiInputBase-input MuiInput-input"
                  id="startDate"
                  name="startDate"
                  type="date"
                  value="2021-03-31"
                />
              </div>
            </div>
            <div
              class="MuiFormControl-root MuiTextField-root MuiFormControl-fullWidth"
            >
              <label
                class="MuiFormLabel-root MuiInputLabel-root MuiInputLabel-formControl MuiInputLabel-animated MuiInputLabel-shrink MuiFormLabel-filled"
                data-shrink="true"
                for="endDate"
                id="endDate-label"
              >
                End date
              </label>
              <div
                class="MuiInputBase-root MuiInput-root MuiInput-underline MuiInputBase-fullWidth MuiInput-fullWidth MuiInputBase-formControl MuiInput-formControl"
              >
                <input
                  aria-invalid="false"
                  class="MuiInputBase-input MuiInput-input"
                  id="endDate"
                  name="endDate"
                  type="date"
                  value="2021-04-01"
                />
              </div>
            </div>
            <button
              class="MuiButtonBase-root MuiButton-root MuiButton-text Mui-disabled Mui-disabled"
              disabled=""
              tabindex="-1"
              type="button"
            >
              <span
                class="MuiButton-label"
              >
                <svg
                  aria-hidden="true"
                  class="MuiSvgIcon-root"
                  focusable="false"
                  viewBox="0 0 24 24"
                >
                  <path
                    d="M9 16.17L4.83 12l-1.42 1.41L9 19 21 7l-1.41-1.41z"
                  />
                </svg>
                save
              </span>
            </button>
            <button
              class="MuiButtonBase-root MuiButton-root MuiButton-text"
              tabindex="0"
              type="button"
            >
              <span
                class="MuiButton-label"
              >
                <svg
                  aria-hidden="true"
                  class="MuiSvgIcon-root"
                  focusable="false"
                  viewBox="0 0 24 24"
                >
                  <path
                    d="M6 19c0 1.1.9 2 2 2h8c1.1 0 2-.9 2-2V7H6v12zM19 4h-3.5l-1-1h-5l-1 1H5v2h14V4z"
                  />
                </svg>
                delete
              </span>
              <span
                class="MuiTouchRipple-root"
              />
            </button>
          </form>
        </div>
        <div
          class="MuiPaper-root makeStyles-subsection-4 MuiPaper-elevation1 MuiPaper-rounded"
        >
          <form>
            <div
              class="MuiFormControl-root MuiTextField-root MuiFormControl-fullWidth"
            >
              <label
                class="MuiFormLabel-root MuiInputLabel-root MuiInputLabel-formControl MuiInputLabel-animated"
                data-shrink="false"
                for="institution"
                id="institution-label"
              >
                Institution
              </label>
              <div
                class="MuiInputBase-root MuiInput-root MuiInput-underline MuiInputBase-fullWidth MuiInput-fullWidth MuiInputBase-formControl MuiInput-formControl"
              >
                <input
                  aria-invalid="false"
                  class="MuiInputBase-input MuiInput-input"
                  id="institution"
                  name="institution"
                  type="text"
                  value=""
                />
              </div>
            </div>
            <div
              class="MuiFormControl-root MuiTextField-root MuiFormControl-fullWidth"
            >
              <label
                class="MuiFormLabel-root MuiInputLabel-root MuiInputLabel-formControl MuiInputLabel-animated"
                data-shrink="false"
                for="description"
                id="description-label"
              >
                Description
              </label>
              <div
                class="MuiInputBase-root MuiInput-root MuiInput-underline MuiInputBase-fullWidth MuiInput-fullWidth MuiInputBase-formControl MuiInput-formControl MuiInputBase-multiline MuiInput-multiline"
              >
                <textarea
                  aria-invalid="false"
                  class="MuiInputBase-input MuiInput-input MuiInputBase-inputMultiline MuiInput-inputMultiline"
                  id="description"
                  name="description"
                  rows="1"
                  style="height: 0px; overflow: hidden;"
                />
                <textarea
                  aria-hidden="true"
                  class="MuiInputBase-input MuiInput-input MuiInputBase-inputMultiline MuiInput-inputMultiline"
                  readonly=""
                  style="visibility: hidden; position: absolute; overflow: hidden; height: 0px; top: 0px; left: 0px; transform: translateZ(0); width: 100%;"
                  tabindex="-1"
                />
              </div>
            </div>
            <div
              class="MuiFormControl-root MuiTextField-root MuiFormControl-fullWidth"
            >
              <label
                class="MuiFormLabel-root MuiInputLabel-root MuiInputLabel-formControl MuiInputLabel-animated MuiInputLabel-shrink"
                data-shrink="true"
                for="startDate"
                id="startDate-label"
              >
                Start date
              </label>
              <div
                class="MuiInputBase-root MuiInput-root MuiInput-underline MuiInputBase-fullWidth MuiInput-fullWidth MuiInputBase-formControl MuiInput-formControl"
              >
                <input
                  aria-invalid="false"
                  class="MuiInputBase-input MuiInput-input"
                  id="startDate"
                  name="startDate"
                  type="date"
                  value=""
                />
              </div>
            </div>
            <div
              class="MuiFormControl-root MuiTextField-root MuiFormControl-fullWidth"
            >
              <label
                class="MuiFormLabel-root MuiInputLabel-root MuiInputLabel-formControl MuiInputLabel-animated MuiInputLabel-shrink"
                data-shrink="true"
                for="endDate"
                id="endDate-label"
              >
                End date
              </label>
              <div
                class="MuiInputBase-root MuiInput-root MuiInput-underline MuiInputBase-fullWidth MuiInput-fullWidth MuiInputBase-formControl MuiInput-formControl"
              >
                <input
                  aria-invalid="false"
                  class="MuiInputBase-input MuiInput-input"
                  id="endDate"
                  name="endDate"
                  type="date"
                  value=""
                />
              </div>
            </div>
            <button
              class="MuiButtonBase-root MuiButton-root MuiButton-text Mui-disabled Mui-disabled"
              disabled=""
              tabindex="-1"
              type="button"
            >
              <span
                class="MuiButton-label"
              >
                Add work experience
              </span>
            </button>
          </form>
        </div>
        <button
          class="MuiButtonBase-root MuiButton-root MuiButton-outlined"
          tabindex="0"
          type="button"
        >
          <span
            class="MuiButton-label"
          >
            cancel
          </span>
          <span
            class="MuiTouchRipple-root"
          />
        </button>
      </div>
    </div>
    <div
      class="MuiGrid-root MuiGrid-item MuiGrid-grid-xs-12"
    >
      <p
        class="MuiTypography-root MuiTypography-body2"
        style="text-align: center;"
      >
        Last updated on 4/1/2021
      </p>
    </div>
  </div>
</div>
`;
