// Jest Snapshot v1, https://goo.gl/fbAQLP

exports[`NavBar tests should be rendered 1`] = `
<div>
  <header
    class="MuiPaper-root MuiAppBar-root MuiAppBar-positionSticky MuiAppBar-colorPrimary MuiPaper-elevation4"
  >
    <div
      class="MuiToolbar-root MuiToolbar-regular MuiToolbar-gutters"
    >
      <a
        class="makeStyles-link-4"
        href="/home"
      >
        <button
          class="MuiButtonBase-root MuiIconButton-root MuiIconButton-colorInherit MuiIconButton-edgeStart"
          tabindex="0"
          title="Home"
          type="button"
        >
          <span
            class="MuiIconButton-label"
          >
            <svg
              aria-hidden="true"
              class="MuiSvgIcon-root"
              focusable="false"
              viewBox="0 0 24 24"
            >
              <path
                d="M10 20v-6h4v6h5v-8h3L12 3 2 12h3v8z"
              />
            </svg>
          </span>
          <span
            class="MuiTouchRipple-root"
          />
        </button>
      </a>
      <h6
        class="MuiTypography-root makeStyles-title-1 MuiTypography-h6"
        data-testid="navbar--header-message"
      >
        Hello
      </h6>
    </div>
  </header>
</div>
`;
