// Jest Snapshot v1, https://goo.gl/fbAQLP

exports[`NavBar tests should be rendered 1`] = `
<div>
  <header
    class="MuiPaper-root MuiAppBar-root MuiAppBar-positionStatic MuiAppBar-colorPrimary MuiPaper-elevation4"
  >
    <div
      class="MuiToolbar-root MuiToolbar-regular MuiToolbar-gutters"
    >
      <h6
        class="MuiTypography-root makeStyles-title-1 MuiTypography-h6"
        data-testid="navbar--header-message"
      >
        Hello
      </h6>
    </div>
  </header>
</div>
`;
